// Jest Snapshot v1, https://goo.gl/fbAQLP

exports[`Toolbar should render 1`] = `
<DocumentFragment>
  <header
    class="Toolbar"
  >
    <select>
      <option
        disabled=""
        selected=""
        value="Sort By"
      >
        Sort by
      </option>
      <option
        value="name"
      >
        Name
      </option>
      <option
        value="added"
      >
        Date
      </option>
    </select>
    <div
      class="InputWrapper"
    >
      <i
        class="fa fa-search"
      />
      <input
        placeholder="Filename..."
      />
    </div>
  </header>
</DocumentFragment>
`;
