// Jest Snapshot v1, https://goo.gl/fbAQLP

exports[`folderList should render 1`] = `
<DocumentFragment>
  <div>
    <div
      data-testid="file"
    >
      <div>
        <ul>
          <li>
            pdf
          </li>
          <li>
            Employee Handbook
          </li>
          <li>
            2017-01-06
          </li>
        </ul>
      </div>
    </div>
    <div
      data-testid="file"
    >
      <div>
        <ul>
          <li>
            pdf
          </li>
          <li>
            Public Holiday policy
          </li>
          <li>
            2016-12-06
          </li>
        </ul>
      </div>
    </div>
    <div
      data-testid="folder"
    >
      <div>
        <ul>
          <li>
            folder
          </li>
          <li>
            Expenses
          </li>
        </ul>
      </div>
    </div>
    <div
      data-testid="file"
    >
      <div>
        <ul>
          <li>
            csv
          </li>
          <li>
            Cost centres
          </li>
          <li>
            2016-08-12
          </li>
        </ul>
      </div>
    </div>
    <div
      data-testid="folder"
    >
      <div>
        <ul>
          <li>
            folder
          </li>
          <li>
            Misc
          </li>
        </ul>
      </div>
    </div>
  </div>
</DocumentFragment>
`;
