// Jest Snapshot v1, https://goo.gl/fbAQLP

exports[`folderList should render 1`] = `
<DocumentFragment>
  <div
    class="FolderList"
    data-testid="folderList"
  >
    <div
      data-testid="file"
    >
      <div
        class="File"
      >
        <ul>
          <li>
            pdf
          </li>
          <li
            class="Name"
          >
            Employee Handbook
          </li>
          <li>
            2017-01-06
          </li>
        </ul>
      </div>
    </div>
    <div
      data-testid="file"
    >
      <div
        class="File"
      >
        <ul>
          <li>
            pdf
          </li>
          <li
            class="Name"
          >
            Public Holiday policy
          </li>
          <li>
            2016-12-06
          </li>
        </ul>
      </div>
    </div>
    <div
      data-testid="folder"
    >
      <div
        class="Folder"
        data-testid="folderWrapper"
      >
        <ul>
          <li
            class="Name"
          >
            Expenses
          </li>
          <li>
            <i
              class="fa fa-chevron-down Chev"
            />
          </li>
        </ul>
      </div>
      <div
        data-testid="subFiles"
      />
    </div>
    <div
      data-testid="file"
    >
      <div
        class="File"
      >
        <ul>
          <li>
            csv
          </li>
          <li
            class="Name"
          >
            Cost centres
          </li>
          <li>
            2016-08-12
          </li>
        </ul>
      </div>
    </div>
    <div
      data-testid="folder"
    >
      <div
        class="Folder"
        data-testid="folderWrapper"
      >
        <ul>
          <li
            class="Name"
          >
            Misc
          </li>
          <li>
            <i
              class="fa fa-chevron-down Chev"
            />
          </li>
        </ul>
      </div>
      <div
        data-testid="subFiles"
      />
    </div>
  </div>
</DocumentFragment>
`;
