// Jest Snapshot v1, https://goo.gl/fbAQLP

exports[`App should render 1`] = `
<DocumentFragment>
  <header
    class="Toolbar"
  >
    <select
      class="Select"
      placeholder="sort by"
    >
      <option
        disabled=""
        selected=""
        value="Sort By"
      >
        Sort by
      </option>
      <option
        value="name"
      >
        Name
      </option>
      <option
        value="added"
      >
        Date
      </option>
    </select>
  </header>
  <main
    class="Content"
  >
    <div
      class="FolderList"
    >
      <div
        data-testid="file"
      >
        <div
          class="File"
        >
          <ul>
            <li>
              pdf
            </li>
            <li
              class="Name"
            >
              Employee Handbook
            </li>
            <li>
              2017-01-06
            </li>
          </ul>
        </div>
      </div>
      <div
        data-testid="file"
      >
        <div
          class="File"
        >
          <ul>
            <li>
              pdf
            </li>
            <li
              class="Name"
            >
              Public Holiday policy
            </li>
            <li>
              2016-12-06
            </li>
          </ul>
        </div>
      </div>
      <div
        data-testid="folder"
      >
        <div
          class="Folder"
          data-testid="folderWrapper"
        >
          <ul>
            <li
              class="Name"
            >
              Expenses
            </li>
            <li>
              <i
                class="fa fa-chevron-down Chev"
              />
            </li>
          </ul>
        </div>
        <div
          data-testid="subFiles"
        />
      </div>
      <div
        data-testid="file"
      >
        <div
          class="File"
        >
          <ul>
            <li>
              csv
            </li>
            <li
              class="Name"
            >
              Cost centres
            </li>
            <li>
              2016-08-12
            </li>
          </ul>
        </div>
      </div>
      <div
        data-testid="folder"
      >
        <div
          class="Folder"
          data-testid="folderWrapper"
        >
          <ul>
            <li
              class="Name"
            >
              Misc
            </li>
            <li>
              <i
                class="fa fa-chevron-down Chev"
              />
            </li>
          </ul>
        </div>
        <div
          data-testid="subFiles"
        />
      </div>
    </div>
  </main>
</DocumentFragment>
`;
