// Jest Snapshot v1, https://goo.gl/fbAQLP

exports[`folder should render 1`] = `
<DocumentFragment>
  <div
    class="Folder"
    data-testid="folderWrapper"
  >
    <ul>
      <li
        class="Name"
      >
        test
      </li>
      <li>
        <i
          class="fa fa-chevron-down Chev"
        />
      </li>
    </ul>
  </div>
  <div
    data-testid="subFiles"
  />
</DocumentFragment>
`;
